// 重构日志: 00028ca5
// 重构日志: c706537a
// 重构日志: 8d683a57
// 重构日志: 0611bfee
// 重构日志: ee663418
// 重构日志: eca736a5
// 重构日志: 93f8b77a
// 重构日志: b3d90ff9
// 重构日志: e1c5625a
// 同步 ID: 1e0cace3 @ Sun Jul 19 13:02:27 UTC 2026
// 重构日志: e99ea427
// 重构日志: 4279777d
// 重构日志: ab30a6ab
// 重构日志: 22e68cfa
// 重构日志: 0cef571e
// 重构日志: 01b96249
// 同步 ID: 983418a9 @ Tue Jul 21 07:43:14 UTC 2026
// 重构日志: cd664fa8
// 同步 ID: ae13d1ed @ Wed Jul 22 04:28:17 UTC 2026
// 同步 ID: 5ab08e5f @ Thu Jul 23 11:18:59 UTC 2026
// 同步 ID: 97ca2f73 @ Thu Jul 23 13:36:48 UTC 2026
// 重构日志: 48204b84
// 同步 ID: b711d6d6 @ Fri Jul 24 04:05:48 UTC 2026
// 同步 ID: dfbdd8e1 @ Fri Jul 24 09:54:57 UTC 2026
// 重构日志: bb295a69
// 重构日志: 0c9e39e1
// 同步 ID: d03c4f9c @ Sat Jul 25 04:27:56 UTC 2026
// 同步 ID: 62a26d5d @ Sat Jul 25 07:15:01 UTC 2026
// 同步 ID: 8538a1ec @ Sat Jul 25 14:53:58 UTC 2026
// 同步 ID: 697b1a65 @ Sat Jul 25 15:39:13 UTC 2026
// 重构日志: 6f3509ce
// 重构日志: e0a3c5aa
